kotlin version: 2.0.0
error message: org.jetbrains.kotlin.util.KotlinFrontEndException: Exception while analyzing expression in (24,37) in /Users/patrickperoni/AndroidStudioProjects/LrcReader_EXO_V2/app/src/main/java/com/patrick/lrcreader/ui/BottomTabs.kt

Attachments:
causeThrowable
java.lang.IllegalStateException: Could not read file: /Users/patrickperoni/AndroidStudioProjects/LrcReader_EXO_V2/app/build/intermediates/compile_and_runtime_not_namespaced_r_class_jar/laboDebug/processLaboDebugResources/R.jar!/androidx/compose/material3/R.class; size in bytes: 340; file type: CLASS
	at org.jetbrains.kotlin.load.kotlin.VirtualFileKotlinClass$Factory.logFileReadingErrorMessage(VirtualFileKotlinClass.kt:77)
	at org.jetbrains.kotlin.load.kotlin.VirtualFileKotlinClass$Factory.create$lambda$3(VirtualFileKotlinClass.kt:68)
	at org.jetbrains.kotlin.util.PerformanceCounter.time(PerformanceCounter.kt:90)
	at org.jetbrains.kotlin.load.kotlin.VirtualFileKotlinClass$Factory.create$frontend_common_jvm(VirtualFileKotlinClass.kt:51)
	at org.jetbrains.kotlin.load.kotlin.KotlinBinaryClassCache$Companion.getKotlinBinaryClassOrClassFileContent$lambda$0(KotlinBinaryClassCache.kt:89)
	at org.jetbrains.kotlin.com.intellij.mock.MockApplication.runReadAction(MockApplication.java:186)
	at org.jetbrains.kotlin.load.kotlin.KotlinBinaryClassCache$Companion.getKotlinBinaryClassOrClassFileContent(KotlinBinaryClassCache.kt:88)
	at org.jetbrains.kotlin.load.kotlin.KotlinBinaryClassCache$Companion.getKotlinBinaryClassOrClassFileContent$default(KotlinBinaryClassCache.kt:72)
	at org.jetbrains.kotlin.load.kotlin.VirtualFileFinder.findKotlinClassOrContent(VirtualFileFinder.kt:37)
	at org.jetbrains.kotlin.load.java.lazy.descriptors.LazyJavaPackageScope.classes$lambda$1(LazyJavaPackageScope.kt:67)
	at org.jetbrains.kotlin.storage.LockBasedStorageManager$MapBasedMemoizedFunction.invoke(LockBasedStorageManager.java:578)
	at org.jetbrains.kotlin.load.java.lazy.descriptors.LazyJavaPackageScope.findClassifier(LazyJavaPackageScope.kt:146)
	at org.jetbrains.kotlin.load.java.lazy.descriptors.LazyJavaPackageScope.getContributedClassifier(LazyJavaPackageScope.kt:136)
	at org.jetbrains.kotlin.load.java.lazy.descriptors.JvmPackageScope.getContributedClassifier(JvmPackageScope.kt:55)
	at org.jetbrains.kotlin.resolve.scopes.ChainedMemberScope.getContributedClassifier(ChainedMemberScope.kt:35)
	at org.jetbrains.kotlin.resolve.scopes.AbstractScopeAdapter.getContributedClassifier(AbstractScopeAdapter.kt:44)
	at org.jetbrains.kotlin.resolve.AllUnderImportScope.getContributedClassifier(AllUnderImportScope.kt:85)
	at org.jetbrains.kotlin.resolve.lazy.LazyImportScope.getClassifier$lambda$0(LazyImportScope.kt:279)
	at org.jetbrains.kotlin.storage.LockBasedStorageManager.compute(LockBasedStorageManager.java:290)
	at org.jetbrains.kotlin.resolve.lazy.LazyImportScope.getClassifier(LazyImportScope.kt:274)
	at org.jetbrains.kotlin.resolve.lazy.LazyImportScope.getContributedClassifier(LazyImportScope.kt:270)
	at org.jetbrains.kotlin.resolve.scopes.ResolutionScope$DefaultImpls.getContributedClassifierIncludeDeprecated(ResolutionScope.kt:40)
	at org.jetbrains.kotlin.resolve.scopes.HierarchicalScope$DefaultImpls.getContributedClassifierIncludeDeprecated(Scopes.kt:27)
	at org.jetbrains.kotlin.resolve.scopes.ImportingScope$DefaultImpls.getContributedClassifierIncludeDeprecated(Scopes.kt:113)
	at org.jetbrains.kotlin.resolve.lazy.LazyImportScope.getContributedClassifierIncludeDeprecated(LazyImportScope.kt:235)
	at org.jetbrains.kotlin.resolve.calls.tower.TowerLevelsKt.getContributedObjectVariablesIncludeDeprecated(TowerLevels.kt:534)
	at org.jetbrains.kotlin.resolve.calls.tower.TowerLevelsKt.access$getContributedObjectVariablesIncludeDeprecated(TowerLevels.kt:1)
	at org.jetbrains.kotlin.resolve.calls.tower.ScopeBasedTowerLevel.getObjects(TowerLevels.kt:347)
	at org.jetbrains.kotlin.resolve.calls.tower.ScopeTowerProcessorsKt.createVariableAndObjectProcessor$lambda$4(ScopeTowerProcessors.kt:298)
	at org.jetbrains.kotlin.resolve.calls.tower.NoExplicitReceiverScopeTowerProcessor.simpleProcess(ScopeTowerProcessors.kt:196)
	at org.jetbrains.kotlin.resolve.calls.tower.SimpleScopeTowerProcessor.process(ScopeTowerProcessors.kt:109)
	at org.jetbrains.kotlin.resolve.calls.tower.VariableAndObjectScopeTowerProcessor.process(ScopeTowerProcessors.kt:55)
	at org.jetbrains.kotlin.resolve.calls.tower.TowerResolver.processTowerData(TowerResolver.kt:383)
	at org.jetbrains.kotlin.resolve.calls.tower.TowerResolver.access$processTowerData(TowerResolver.kt:95)
	at org.jetbrains.kotlin.resolve.calls.tower.TowerResolver$Task.process(TowerResolver.kt:207)
	at org.jetbrains.kotlin.resolve.calls.tower.TowerResolver$Task.process(TowerResolver.kt:216)
	at org.jetbrains.kotlin.resolve.calls.tower.TowerResolver$Task.run$processImportingScope(TowerResolver.kt)
	at org.jetbrains.kotlin.resolve.calls.tower.TowerResolver$Task.run$processScopes(TowerResolver.kt:282)
	at org.jetbrains.kotlin.resolve.calls.tower.TowerResolver$Task.run(TowerResolver.kt:305)
	at org.jetbrains.kotlin.resolve.calls.tower.TowerResolver.run(TowerResolver.kt:114)
	at org.jetbrains.kotlin.resolve.calls.tower.TowerResolver.runResolve(TowerResolver.kt:101)
	at org.jetbrains.kotlin.resolve.calls.KotlinCallResolver.resolveCall(KotlinCallResolver.kt:184)
	at org.jetbrains.kotlin.resolve.calls.KotlinCallResolver.resolveAndCompleteCall(KotlinCallResolver.kt:41)
	at org.jetbrains.kotlin.resolve.calls.tower.PSICallResolver.runResolutionAndInference(PSICallResolver.kt:114)
	at org.jetbrains.kotlin.resolve.calls.CallResolver.doResolveCallOrGetCachedResults(CallResolver.java:602)
	at org.jetbrains.kotlin.resolve.calls.CallResolver.lambda$computeTasksAndResolveCall$0(CallResolver.java:213)
	at org.jetbrains.kotlin.util.PerformanceCounter.time(PerformanceCounter.kt:90)
	at org.jetbrains.kotlin.resolve.calls.CallResolver.computeTasksAndResolveCall(CallResolver.java:211)
	at org.jetbrains.kotlin.resolve.calls.CallResolver.computeTasksAndResolveCall(CallResolver.java:199)
	at org.jetbrains.kotlin.resolve.calls.CallResolver.resolveSimpleProperty(CallResolver.java:140)
	at org.jetbrains.kotlin.resolve.calls.CallExpressionResolver.resolveSimpleName(CallExpressionResolver.kt:322)
	at org.jetbrains.kotlin.resolve.calls.CallExpressionResolver.elementChain$lambda$2(CallExpressionResolver.kt:298)
	at org.jetbrains.kotlin.resolve.QualifiedExpressionResolver.resolveToPackageOrClassPrefix(QualifiedExpressionResolver.kt:512)
	at org.jetbrains.kotlin.resolve.QualifiedExpressionResolver.resolveQualifierInExpressionAndUnroll(QualifiedExpressionResolver.kt:646)
	at org.jetbrains.kotlin.resolve.calls.CallExpressionResolver.elementChain(CallExpressionResolver.kt:295)
	at org.jetbrains.kotlin.resolve.calls.CallExpressionResolver.getQualifiedExpressionTypeInfo(CallExpressionResolver.kt:440)
	at org.jetbrains.kotlin.types.expressions.BasicExpressionTypingVisitor.visitQualifiedExpression(BasicExpressionTypingVisitor.java:725)
	at org.jetbrains.kotlin.types.expressions.ExpressionTypingVisitorDispatcher.visitQualifiedExpression(ExpressionTypingVisitorDispatcher.java:391)
	at org.jetbrains.kotlin.types.expressions.ExpressionTypingVisitorDispatcher$ForDeclarations.visitQualifiedExpression(ExpressionTypingVisitorDispatcher.java:47)
	at org.jetbrains.kotlin.psi.KtVisitor.visitDotQualifiedExpression(KtVisitor.java:316)
	at org.jetbrains.kotlin.psi.KtDotQualifiedExpression.accept(KtDotQualifiedExpression.kt:33)
	at org.jetbrains.kotlin.types.expressions.ExpressionTypingVisitorDispatcher.lambda$getTypeInfo$0(ExpressionTypingVisitorDispatcher.java:176)
	at org.jetbrains.kotlin.util.PerformanceCounter.time(PerformanceCounter.kt:90)
	at org.jetbrains.kotlin.types.expressions.ExpressionTypingVisitorDispatcher.getTypeInfo(ExpressionTypingVisitorDispatcher.java:165)
	at org.jetbrains.kotlin.types.expressions.ExpressionTypingVisitorDispatcher.getTypeInfo(ExpressionTypingVisitorDispatcher.java:135)
	at org.jetbrains.kotlin.types.expressions.ExpressionTypingServices.getTypeInfo(ExpressionTypingServices.java:126)
	at org.jetbrains.kotlin.resolve.calls.tower.PSICallResolver.resolveValueArgument(PSICallResolver.kt:818)
	at org.jetbrains.kotlin.resolve.calls.tower.PSICallResolver.resolveArgumentsInParenthesis(PSICallResolver.kt:754)
	at org.jetbrains.kotlin.resolve.calls.tower.PSICallResolver.toKotlinCall(PSICallResolver.kt:613)
	at org.jetbrains.kotlin.resolve.calls.tower.PSICallResolver.runResolutionAndInferenceForGivenCandidates(PSICallResolver.kt:156)
	at org.jetbrains.kotlin.resolve.calls.CallResolver.doResolveCallOrGetCachedResults(CallResolver.java:608)
	at org.jetbrains.kotlin.resolve.calls.CallResolver.lambda$computeTasksFromCandidatesAndResolvedCall$1(CallResolver.java:237)
	at org.jetbrains.kotlin.util.PerformanceCounter.time(PerformanceCounter.kt:90)
	at org.jetbrains.kotlin.resolve.calls.CallResolver.computeTasksFromCandidatesAndResolvedCall(CallResolver.java:233)
	at org.jetbrains.kotlin.resolve.calls.CallResolver.computeTasksFromCandidatesAndResolvedCall(CallResolver.java:223)
	at org.jetbrains.kotlin.resolve.calls.CallResolver.resolveConstructorCall(CallResolver.java:422)
	at org.jetbrains.kotlin.resolve.calls.CallResolver.resolveCallForConstructor(CallResolver.java:407)
	at org.jetbrains.kotlin.resolve.calls.CallResolver.resolveFunctionCall(CallResolver.java:334)
	at org.jetbrains.kotlin.resolve.calls.CallResolver.resolveFunctionCall(CallResolver.java:303)
	at org.jetbrains.kotlin.resolve.BodyResolver$1.visitSuperTypeCallEntry(BodyResolver.java:358)
	at org.jetbrains.kotlin.psi.KtVisitorVoid.visitSuperTypeCallEntry(KtVisitorVoid.java:625)
	at org.jetbrains.kotlin.psi.KtVisitorVoid.visitSuperTypeCallEntry(KtVisitorVoid.java:21)
	at org.jetbrains.kotlin.psi.KtSuperTypeCallEntry.accept(KtSuperTypeCallEntry.java:40)
	at org.jetbrains.kotlin.psi.KtElementImplStub.accept(KtElementImplStub.java:49)
	at org.jetbrains.kotlin.resolve.BodyResolver.resolveSuperTypeEntryList(BodyResolver.java:424)
	at org.jetbrains.kotlin.resolve.jvm.extensions.PartialAnalysisHandlerExtension.doAnalysis$lambda$0(PartialAnalysisHandlerExtension.kt:77)
	at org.jetbrains.kotlin.resolve.jvm.extensions.PartialAnalysisHandlerExtension.doForEachDeclaration(PartialAnalysisHandlerExtension.kt:126)
	at org.jetbrains.kotlin.resolve.jvm.extensions.PartialAnalysisHandlerExtension.doForEachDeclaration(PartialAnalysisHandlerExtension.kt:135)
	at org.jetbrains.kotlin.resolve.jvm.extensions.PartialAnalysisHandlerExtension.doForEachDeclaration(PartialAnalysisHandlerExtension.kt:141)
	at org.jetbrains.kotlin.resolve.jvm.extensions.PartialAnalysisHandlerExtension.doAnalysis(PartialAnalysisHandlerExtension.kt:68)
	at org.jetbrains.kotlin.kapt3.AbstractKapt3Extension.doAnalysis(Kapt3Extension.kt:130)
	at org.jetbrains.kotlin.cli.jvm.compiler.TopDownAnalyzerFacadeForJVM.analyzeFilesWithJavaIntegration(TopDownAnalyzerFacadeForJVM.kt:112)
	at org.jetbrains.kotlin.cli.jvm.compiler.TopDownAnalyzerFacadeForJVM.analyzeFilesWithJavaIntegration$default(TopDownAnalyzerFacadeForJVM.kt:75)
	at org.jetbrains.kotlin.cli.jvm.compiler.KotlinToJVMBytecodeCompiler.analyze$lambda$12(KotlinToJVMBytecodeCompiler.kt:373)
	at org.jetbrains.kotlin.cli.common.messages.AnalyzerWithCompilerReport.analyzeAndReport(AnalyzerWithCompilerReport.kt:115)
	at org.jetbrains.kotlin.cli.jvm.compiler.KotlinToJVMBytecodeCompiler.analyze(KotlinToJVMBytecodeCompiler.kt:364)
	at org.jetbrains.kotlin.cli.jvm.compiler.KotlinToJVMBytecodeCompiler.runFrontendAndGenerateIrUsingClassicFrontend(KotlinToJVMBytecodeCompiler.kt:195)
	at org.jetbrains.kotlin.cli.jvm.compiler.KotlinToJVMBytecodeCompiler.compileModules$cli(KotlinToJVMBytecodeCompiler.kt:106)
	at org.jetbrains.kotlin.cli.jvm.K2JVMCompiler.doExecute(K2JVMCompiler.kt:176)
	at org.jetbrains.kotlin.cli.jvm.K2JVMCompiler.doExecute(K2JVMCompiler.kt:50)
	at org.jetbrains.kotlin.cli.common.CLICompiler.execImpl(CLICompiler.kt:104)
	at org.jetbrains.kotlin.cli.common.CLICompiler.execImpl(CLICompiler.kt:48)
	at org.jetbrains.kotlin.cli.common.CLITool.exec(CLITool.kt:101)
	at org.jetbrains.kotlin.daemon.CompileServiceImpl.compile(CompileServiceImpl.kt:1556)
	at java.base/jdk.internal.reflect.DirectMethodHandleAccessor.invoke(Unknown Source)
	at java.base/java.lang.reflect.Method.invoke(Unknown Source)
	at java.rmi/sun.rmi.server.UnicastServerRef.dispatch(Unknown Source)
	at java.rmi/sun.rmi.transport.Transport$1.run(Unknown Source)
	at java.rmi/sun.rmi.transport.Transport$1.run(Unknown Source)
	at java.base/java.security.AccessController.doPrivileged(Unknown Source)
	at java.rmi/sun.rmi.transport.Transport.serviceCall(Unknown Source)
	at java.rmi/sun.rmi.transport.tcp.TCPTransport.handleMessages(Unknown Source)
	at java.rmi/sun.rmi.transport.tcp.TCPTransport$ConnectionHandler.run0(Unknown Source)
	at java.rmi/sun.rmi.transport.tcp.TCPTransport$ConnectionHandler.lambda$run$0(Unknown Source)
	at java.base/java.security.AccessController.doPrivileged(Unknown Source)
	at java.rmi/sun.rmi.transport.tcp.TCPTransport$ConnectionHandler.run(Unknown Source)
	at java.base/java.util.concurrent.ThreadPoolExecutor.runWorker(Unknown Source)
	at java.base/java.util.concurrent.ThreadPoolExecutor$Worker.run(Unknown Source)
	at java.base/java.lang.Thread.run(Unknown Source)
Caused by: java.nio.file.NoSuchFileException: /Users/patrickperoni/AndroidStudioProjects/LrcReader_EXO_V2/app/build/intermediates/compile_and_runtime_not_namespaced_r_class_jar/laboDebug/processLaboDebugResources/R.jar
	at java.base/sun.nio.fs.UnixException.translateToIOException(Unknown Source)
	at java.base/sun.nio.fs.UnixException.rethrowAsIOException(Unknown Source)
	at java.base/sun.nio.fs.UnixException.rethrowAsIOException(Unknown Source)
	at java.base/sun.nio.fs.UnixFileAttributeViews$Basic.readAttributes(Unknown Source)
	at java.base/sun.nio.fs.UnixFileSystemProvider.readAttributes(Unknown Source)
	at java.base/java.nio.file.Files.readAttributes(Unknown Source)
	at org.jetbrains.kotlin.com.intellij.openapi.vfs.impl.ZipHandler$1.createAccessor(ZipHandler.java:19)
	at org.jetbrains.kotlin.com.intellij.openapi.vfs.impl.ZipHandler$1.createAccessor(ZipHandler.java:15)
	at org.jetbrains.kotlin.com.intellij.util.io.FileAccessorCache.createHandle(FileAccessorCache.java:45)
	at org.jetbrains.kotlin.com.intellij.util.io.FileAccessorCache.get(FileAccessorCache.java:39)
	at org.jetbrains.kotlin.com.intellij.openapi.vfs.impl.ZipHandler.acquireZipHandle(ZipHandler.java:46)
	at org.jetbrains.kotlin.com.intellij.openapi.vfs.impl.ZipHandlerBase.contentsToByteArray(ZipHandlerBase.java:100)
	at org.jetbrains.kotlin.com.intellij.openapi.vfs.impl.jar.CoreJarVirtualFile.contentsToByteArray(CoreJarVirtualFile.java:111)
	at org.jetbrains.kotlin.com.intellij.openapi.vfs.VirtualFile.contentsToByteArray(VirtualFile.java:626)
	at org.jetbrains.kotlin.load.kotlin.VirtualFileKotlinClass$Factory.create$lambda$3(VirtualFileKotlinClass.kt:55)
	... 117 more

----
expression.kt
<File name: BottomTabs.kt, Physical: true>
object Home : BottomTab("home", <ELEMENT>R.string.tab_home</ELEMENT>) {
        @Composable override fun Icon() =
            Icon(Icons.Filled.Home, contentDescription = null)
    }
	at org.jetbrains.kotlin.types.expressions.ExpressionTypingVisitorDispatcher.logOrThrowException(ExpressionTypingVisitorDispatcher.java:261)
	at org.jetbrains.kotlin.types.expressions.ExpressionTypingVisitorDispatcher.lambda$getTypeInfo$0(ExpressionTypingVisitorDispatcher.java:225)
	at org.jetbrains.kotlin.util.PerformanceCounter.time(PerformanceCounter.kt:90)
	at org.jetbrains.kotlin.types.expressions.ExpressionTypingVisitorDispatcher.getTypeInfo(ExpressionTypingVisitorDispatcher.java:165)
	at org.jetbrains.kotlin.types.expressions.ExpressionTypingVisitorDispatcher.getTypeInfo(ExpressionTypingVisitorDispatcher.java:135)
	at org.jetbrains.kotlin.types.expressions.ExpressionTypingServices.getTypeInfo(ExpressionTypingServices.java:126)
	at org.jetbrains.kotlin.resolve.calls.tower.PSICallResolver.resolveValueArgument(PSICallResolver.kt:818)
	at org.jetbrains.kotlin.resolve.calls.tower.PSICallResolver.resolveArgumentsInParenthesis(PSICallResolver.kt:754)
	at org.jetbrains.kotlin.resolve.calls.tower.PSICallResolver.toKotlinCall(PSICallResolver.kt:613)
	at org.jetbrains.kotlin.resolve.calls.tower.PSICallResolver.runResolutionAndInferenceForGivenCandidates(PSICallResolver.kt:156)
	at org.jetbrains.kotlin.resolve.calls.CallResolver.doResolveCallOrGetCachedResults(CallResolver.java:608)
	at org.jetbrains.kotlin.resolve.calls.CallResolver.lambda$computeTasksFromCandidatesAndResolvedCall$1(CallResolver.java:237)
	at org.jetbrains.kotlin.util.PerformanceCounter.time(PerformanceCounter.kt:90)
	at org.jetbrains.kotlin.resolve.calls.CallResolver.computeTasksFromCandidatesAndResolvedCall(CallResolver.java:233)
	at org.jetbrains.kotlin.resolve.calls.CallResolver.computeTasksFromCandidatesAndResolvedCall(CallResolver.java:223)
	at org.jetbrains.kotlin.resolve.calls.CallResolver.resolveConstructorCall(CallResolver.java:422)
	at org.jetbrains.kotlin.resolve.calls.CallResolver.resolveCallForConstructor(CallResolver.java:407)
	at org.jetbrains.kotlin.resolve.calls.CallResolver.resolveFunctionCall(CallResolver.java:334)
	at org.jetbrains.kotlin.resolve.calls.CallResolver.resolveFunctionCall(CallResolver.java:303)
	at org.jetbrains.kotlin.resolve.BodyResolver$1.visitSuperTypeCallEntry(BodyResolver.java:358)
	at org.jetbrains.kotlin.psi.KtVisitorVoid.visitSuperTypeCallEntry(KtVisitorVoid.java:625)
	at org.jetbrains.kotlin.psi.KtVisitorVoid.visitSuperTypeCallEntry(KtVisitorVoid.java:21)
	at org.jetbrains.kotlin.psi.KtSuperTypeCallEntry.accept(KtSuperTypeCallEntry.java:40)
	at org.jetbrains.kotlin.psi.KtElementImplStub.accept(KtElementImplStub.java:49)
	at org.jetbrains.kotlin.resolve.BodyResolver.resolveSuperTypeEntryList(BodyResolver.java:424)
	at org.jetbrains.kotlin.resolve.jvm.extensions.PartialAnalysisHandlerExtension.doAnalysis$lambda$0(PartialAnalysisHandlerExtension.kt:77)
	at org.jetbrains.kotlin.resolve.jvm.extensions.PartialAnalysisHandlerExtension.doForEachDeclaration(PartialAnalysisHandlerExtension.kt:126)
	at org.jetbrains.kotlin.resolve.jvm.extensions.PartialAnalysisHandlerExtension.doForEachDeclaration(PartialAnalysisHandlerExtension.kt:135)
	at org.jetbrains.kotlin.resolve.jvm.extensions.PartialAnalysisHandlerExtension.doForEachDeclaration(PartialAnalysisHandlerExtension.kt:141)
	at org.jetbrains.kotlin.resolve.jvm.extensions.PartialAnalysisHandlerExtension.doAnalysis(PartialAnalysisHandlerExtension.kt:68)
	at org.jetbrains.kotlin.kapt3.AbstractKapt3Extension.doAnalysis(Kapt3Extension.kt:130)
	at org.jetbrains.kotlin.cli.jvm.compiler.TopDownAnalyzerFacadeForJVM.analyzeFilesWithJavaIntegration(TopDownAnalyzerFacadeForJVM.kt:112)
	at org.jetbrains.kotlin.cli.jvm.compiler.TopDownAnalyzerFacadeForJVM.analyzeFilesWithJavaIntegration$default(TopDownAnalyzerFacadeForJVM.kt:75)
	at org.jetbrains.kotlin.cli.jvm.compiler.KotlinToJVMBytecodeCompiler.analyze$lambda$12(KotlinToJVMBytecodeCompiler.kt:373)
	at org.jetbrains.kotlin.cli.common.messages.AnalyzerWithCompilerReport.analyzeAndReport(AnalyzerWithCompilerReport.kt:115)
	at org.jetbrains.kotlin.cli.jvm.compiler.KotlinToJVMBytecodeCompiler.analyze(KotlinToJVMBytecodeCompiler.kt:364)
	at org.jetbrains.kotlin.cli.jvm.compiler.KotlinToJVMBytecodeCompiler.runFrontendAndGenerateIrUsingClassicFrontend(KotlinToJVMBytecodeCompiler.kt:195)
	at org.jetbrains.kotlin.cli.jvm.compiler.KotlinToJVMBytecodeCompiler.compileModules$cli(KotlinToJVMBytecodeCompiler.kt:106)
	at org.jetbrains.kotlin.cli.jvm.K2JVMCompiler.doExecute(K2JVMCompiler.kt:176)
	at org.jetbrains.kotlin.cli.jvm.K2JVMCompiler.doExecute(K2JVMCompiler.kt:50)
	at org.jetbrains.kotlin.cli.common.CLICompiler.execImpl(CLICompiler.kt:104)
	at org.jetbrains.kotlin.cli.common.CLICompiler.execImpl(CLICompiler.kt:48)
	at org.jetbrains.kotlin.cli.common.CLITool.exec(CLITool.kt:101)
	at org.jetbrains.kotlin.daemon.CompileServiceImpl.compile(CompileServiceImpl.kt:1556)
	at java.base/jdk.internal.reflect.DirectMethodHandleAccessor.invoke(Unknown Source)
	at java.base/java.lang.reflect.Method.invoke(Unknown Source)
	at java.rmi/sun.rmi.server.UnicastServerRef.dispatch(Unknown Source)
	at java.rmi/sun.rmi.transport.Transport$1.run(Unknown Source)
	at java.rmi/sun.rmi.transport.Transport$1.run(Unknown Source)
	at java.base/java.security.AccessController.doPrivileged(Unknown Source)
	at java.rmi/sun.rmi.transport.Transport.serviceCall(Unknown Source)
	at java.rmi/sun.rmi.transport.tcp.TCPTransport.handleMessages(Unknown Source)
	at java.rmi/sun.rmi.transport.tcp.TCPTransport$ConnectionHandler.run0(Unknown Source)
	at java.rmi/sun.rmi.transport.tcp.TCPTransport$ConnectionHandler.lambda$run$0(Unknown Source)
	at java.base/java.security.AccessController.doPrivileged(Unknown Source)
	at java.rmi/sun.rmi.transport.tcp.TCPTransport$ConnectionHandler.run(Unknown Source)
	at java.base/java.util.concurrent.ThreadPoolExecutor.runWorker(Unknown Source)
	at java.base/java.util.concurrent.ThreadPoolExecutor$Worker.run(Unknown Source)
	at java.base/java.lang.Thread.run(Unknown Source)
Caused by: java.lang.IllegalStateException: Could not read file: /Users/patrickperoni/AndroidStudioProjects/LrcReader_EXO_V2/app/build/intermediates/compile_and_runtime_not_namespaced_r_class_jar/laboDebug/processLaboDebugResources/R.jar!/androidx/compose/material3/R.class; size in bytes: 340; file type: CLASS
	at org.jetbrains.kotlin.load.kotlin.VirtualFileKotlinClass$Factory.logFileReadingErrorMessage(VirtualFileKotlinClass.kt:77)
	at org.jetbrains.kotlin.load.kotlin.VirtualFileKotlinClass$Factory.create$lambda$3(VirtualFileKotlinClass.kt:68)
	at org.jetbrains.kotlin.util.PerformanceCounter.time(PerformanceCounter.kt:90)
	at org.jetbrains.kotlin.load.kotlin.VirtualFileKotlinClass$Factory.create$frontend_common_jvm(VirtualFileKotlinClass.kt:51)
	at org.jetbrains.kotlin.load.kotlin.KotlinBinaryClassCache$Companion.getKotlinBinaryClassOrClassFileContent$lambda$0(KotlinBinaryClassCache.kt:89)
	at org.jetbrains.kotlin.com.intellij.mock.MockApplication.runReadAction(MockApplication.java:186)
	at org.jetbrains.kotlin.load.kotlin.KotlinBinaryClassCache$Companion.getKotlinBinaryClassOrClassFileContent(KotlinBinaryClassCache.kt:88)
	at org.jetbrains.kotlin.load.kotlin.KotlinBinaryClassCache$Companion.getKotlinBinaryClassOrClassFileContent$default(KotlinBinaryClassCache.kt:72)
	at org.jetbrains.kotlin.load.kotlin.VirtualFileFinder.findKotlinClassOrContent(VirtualFileFinder.kt:37)
	at org.jetbrains.kotlin.load.java.lazy.descriptors.LazyJavaPackageScope.classes$lambda$1(LazyJavaPackageScope.kt:67)
	at org.jetbrains.kotlin.storage.LockBasedStorageManager$MapBasedMemoizedFunction.invoke(LockBasedStorageManager.java:578)
	at org.jetbrains.kotlin.load.java.lazy.descriptors.LazyJavaPackageScope.findClassifier(LazyJavaPackageScope.kt:146)
	at org.jetbrains.kotlin.load.java.lazy.descriptors.LazyJavaPackageScope.getContributedClassifier(LazyJavaPackageScope.kt:136)
	at org.jetbrains.kotlin.load.java.lazy.descriptors.JvmPackageScope.getContributedClassifier(JvmPackageScope.kt:55)
	at org.jetbrains.kotlin.resolve.scopes.ChainedMemberScope.getContributedClassifier(ChainedMemberScope.kt:35)
	at org.jetbrains.kotlin.resolve.scopes.AbstractScopeAdapter.getContributedClassifier(AbstractScopeAdapter.kt:44)
	at org.jetbrains.kotlin.resolve.AllUnderImportScope.getContributedClassifier(AllUnderImportScope.kt:85)
	at org.jetbrains.kotlin.resolve.lazy.LazyImportScope.getClassifier$lambda$0(LazyImportScope.kt:279)
	at org.jetbrains.kotlin.storage.LockBasedStorageManager.compute(LockBasedStorageManager.java:290)
	at org.jetbrains.kotlin.resolve.lazy.LazyImportScope.getClassifier(LazyImportScope.kt:274)
	at org.jetbrains.kotlin.resolve.lazy.LazyImportScope.getContributedClassifier(LazyImportScope.kt:270)
	at org.jetbrains.kotlin.resolve.scopes.ResolutionScope$DefaultImpls.getContributedClassifierIncludeDeprecated(ResolutionScope.kt:40)
	at org.jetbrains.kotlin.resolve.scopes.HierarchicalScope$DefaultImpls.getContributedClassifierIncludeDeprecated(Scopes.kt:27)
	at org.jetbrains.kotlin.resolve.scopes.ImportingScope$DefaultImpls.getContributedClassifierIncludeDeprecated(Scopes.kt:113)
	at org.jetbrains.kotlin.resolve.lazy.LazyImportScope.getContributedClassifierIncludeDeprecated(LazyImportScope.kt:235)
	at org.jetbrains.kotlin.resolve.calls.tower.TowerLevelsKt.getContributedObjectVariablesIncludeDeprecated(TowerLevels.kt:534)
	at org.jetbrains.kotlin.resolve.calls.tower.TowerLevelsKt.access$getContributedObjectVariablesIncludeDeprecated(TowerLevels.kt:1)
	at org.jetbrains.kotlin.resolve.calls.tower.ScopeBasedTowerLevel.getObjects(TowerLevels.kt:347)
	at org.jetbrains.kotlin.resolve.calls.tower.ScopeTowerProcessorsKt.createVariableAndObjectProcessor$lambda$4(ScopeTowerProcessors.kt:298)
	at org.jetbrains.kotlin.resolve.calls.tower.NoExplicitReceiverScopeTowerProcessor.simpleProcess(ScopeTowerProcessors.kt:196)
	at org.jetbrains.kotlin.resolve.calls.tower.SimpleScopeTowerProcessor.process(ScopeTowerProcessors.kt:109)
	at org.jetbrains.kotlin.resolve.calls.tower.VariableAndObjectScopeTowerProcessor.process(ScopeTowerProcessors.kt:55)
	at org.jetbrains.kotlin.resolve.calls.tower.TowerResolver.processTowerData(TowerResolver.kt:383)
	at org.jetbrains.kotlin.resolve.calls.tower.TowerResolver.access$processTowerData(TowerResolver.kt:95)
	at org.jetbrains.kotlin.resolve.calls.tower.TowerResolver$Task.process(TowerResolver.kt:207)
	at org.jetbrains.kotlin.resolve.calls.tower.TowerResolver$Task.process(TowerResolver.kt:216)
	at org.jetbrains.kotlin.resolve.calls.tower.TowerResolver$Task.run$processImportingScope(TowerResolver.kt)
	at org.jetbrains.kotlin.resolve.calls.tower.TowerResolver$Task.run$processScopes(TowerResolver.kt:282)
	at org.jetbrains.kotlin.resolve.calls.tower.TowerResolver$Task.run(TowerResolver.kt:305)
	at org.jetbrains.kotlin.resolve.calls.tower.TowerResolver.run(TowerResolver.kt:114)
	at org.jetbrains.kotlin.resolve.calls.tower.TowerResolver.runResolve(TowerResolver.kt:101)
	at org.jetbrains.kotlin.resolve.calls.KotlinCallResolver.resolveCall(KotlinCallResolver.kt:184)
	at org.jetbrains.kotlin.resolve.calls.KotlinCallResolver.resolveAndCompleteCall(KotlinCallResolver.kt:41)
	at org.jetbrains.kotlin.resolve.calls.tower.PSICallResolver.runResolutionAndInference(PSICallResolver.kt:114)
	at org.jetbrains.kotlin.resolve.calls.CallResolver.doResolveCallOrGetCachedResults(CallResolver.java:602)
	at org.jetbrains.kotlin.resolve.calls.CallResolver.lambda$computeTasksAndResolveCall$0(CallResolver.java:213)
	at org.jetbrains.kotlin.util.PerformanceCounter.time(PerformanceCounter.kt:90)
	at org.jetbrains.kotlin.resolve.calls.CallResolver.computeTasksAndResolveCall(CallResolver.java:211)
	at org.jetbrains.kotlin.resolve.calls.CallResolver.computeTasksAndResolveCall(CallResolver.java:199)
	at org.jetbrains.kotlin.resolve.calls.CallResolver.resolveSimpleProperty(CallResolver.java:140)
	at org.jetbrains.kotlin.resolve.calls.CallExpressionResolver.resolveSimpleName(CallExpressionResolver.kt:322)
	at org.jetbrains.kotlin.resolve.calls.CallExpressionResolver.elementChain$lambda$2(CallExpressionResolver.kt:298)
	at org.jetbrains.kotlin.resolve.QualifiedExpressionResolver.resolveToPackageOrClassPrefix(QualifiedExpressionResolver.kt:512)
	at org.jetbrains.kotlin.resolve.QualifiedExpressionResolver.resolveQualifierInExpressionAndUnroll(QualifiedExpressionResolver.kt:646)
	at org.jetbrains.kotlin.resolve.calls.CallExpressionResolver.elementChain(CallExpressionResolver.kt:295)
	at org.jetbrains.kotlin.resolve.calls.CallExpressionResolver.getQualifiedExpressionTypeInfo(CallExpressionResolver.kt:440)
	at org.jetbrains.kotlin.types.expressions.BasicExpressionTypingVisitor.visitQualifiedExpression(BasicExpressionTypingVisitor.java:725)
	at org.jetbrains.kotlin.types.expressions.ExpressionTypingVisitorDispatcher.visitQualifiedExpression(ExpressionTypingVisitorDispatcher.java:391)
	at org.jetbrains.kotlin.types.expressions.ExpressionTypingVisitorDispatcher$ForDeclarations.visitQualifiedExpression(ExpressionTypingVisitorDispatcher.java:47)
	at org.jetbrains.kotlin.psi.KtVisitor.visitDotQualifiedExpression(KtVisitor.java:316)
	at org.jetbrains.kotlin.psi.KtDotQualifiedExpression.accept(KtDotQualifiedExpression.kt:33)
	at org.jetbrains.kotlin.types.expressions.ExpressionTypingVisitorDispatcher.lambda$getTypeInfo$0(ExpressionTypingVisitorDispatcher.java:176)
	... 57 more
Caused by: java.nio.file.NoSuchFileException: /Users/patrickperoni/AndroidStudioProjects/LrcReader_EXO_V2/app/build/intermediates/compile_and_runtime_not_namespaced_r_class_jar/laboDebug/processLaboDebugResources/R.jar
	at java.base/sun.nio.fs.UnixException.translateToIOException(Unknown Source)
	at java.base/sun.nio.fs.UnixException.rethrowAsIOException(Unknown Source)
	at java.base/sun.nio.fs.UnixException.rethrowAsIOException(Unknown Source)
	at java.base/sun.nio.fs.UnixFileAttributeViews$Basic.readAttributes(Unknown Source)
	at java.base/sun.nio.fs.UnixFileSystemProvider.readAttributes(Unknown Source)
	at java.base/java.nio.file.Files.readAttributes(Unknown Source)
	at org.jetbrains.kotlin.com.intellij.openapi.vfs.impl.ZipHandler$1.createAccessor(ZipHandler.java:19)
	at org.jetbrains.kotlin.com.intellij.openapi.vfs.impl.ZipHandler$1.createAccessor(ZipHandler.java:15)
	at org.jetbrains.kotlin.com.intellij.util.io.FileAccessorCache.createHandle(FileAccessorCache.java:45)
	at org.jetbrains.kotlin.com.intellij.util.io.FileAccessorCache.get(FileAccessorCache.java:39)
	at org.jetbrains.kotlin.com.intellij.openapi.vfs.impl.ZipHandler.acquireZipHandle(ZipHandler.java:46)
	at org.jetbrains.kotlin.com.intellij.openapi.vfs.impl.ZipHandlerBase.contentsToByteArray(ZipHandlerBase.java:100)
	at org.jetbrains.kotlin.com.intellij.openapi.vfs.impl.jar.CoreJarVirtualFile.contentsToByteArray(CoreJarVirtualFile.java:111)
	at org.jetbrains.kotlin.com.intellij.openapi.vfs.VirtualFile.contentsToByteArray(VirtualFile.java:626)
	at org.jetbrains.kotlin.load.kotlin.VirtualFileKotlinClass$Factory.create$lambda$3(VirtualFileKotlinClass.kt:55)
	... 117 more


